// Jest Snapshot v1, https://goo.gl/fbAQLP

exports[`Placed Rewards Render Correctly should render with given state 1`] = `
<div
  className="sc-AxjAm bdeCLP"
>
  <div
    className="sc-Axmtr zEjJq"
  />
  <h2
    className="sc-AxiKw kmnWDn"
  >
    Rewards
  </h2>
  <div
    className="sc-AxirZ ilolUk"
    color="green"
    data-testid="rewardsr1"
    draggable={true}
    onDragStart={[Function]}
  >
    r1
  </div>
  <div
    className="sc-AxirZ dvzChc"
    color="yellow"
    data-testid="rewardsr2"
    draggable={true}
    onDragStart={[Function]}
  >
    r2
  </div>
  <div
    className="sc-AxirZ ftBftl"
    color="pink"
    data-testid="rewardsr3"
    draggable={true}
    onDragStart={[Function]}
  >
    r3
  </div>
  <div
    className="sc-AxirZ gbobWJ"
    color="skyblue"
    data-testid="rewardsr4"
    draggable={true}
    onDragStart={[Function]}
  >
    r4
  </div>
  <div
    className="sc-AxirZ kdqvAf"
    color="orange"
    data-testid="rewardsr5"
    draggable={true}
    onDragStart={[Function]}
  >
    r5
  </div>
  <div
    className="sc-AxhCb jdFgLp"
  >
    <h2
      className="sc-AxiKw bAZauj"
    >
      Categories
    </h2>
  </div>
  <div
    className="sc-AxhUy gvbPeP rewards1"
    data-testid="c1Dropzone"
    onDragOver={[Function]}
    onDrop={[Function]}
  >
    <span
      className="category"
    >
      C1
    </span>
  </div>
  <div
    className="sc-AxhUy gJdJUc rewards1"
    onDragOver={[Function]}
    onDrop={[Function]}
  >
    <span
      className="category"
    >
      C2
    </span>
  </div>
  <div
    className="sc-AxhUy bNsNvx rewards1"
    onDragOver={[Function]}
    onDrop={[Function]}
  >
    <span
      className="category"
    >
      C3
    </span>
  </div>
  <div
    className="sc-AxhUy bsoZXO rewards1"
    onDragOver={[Function]}
    onDrop={[Function]}
  >
    <span
      className="category"
    >
      C4
    </span>
  </div>
  <div
    className="sc-AxhUy jvVJML rewards1"
    onDragOver={[Function]}
    onDrop={[Function]}
  >
    <span
      className="category"
    >
      C5
    </span>
  </div>
  <div
    className="sc-AxgMl dzbfqP"
    color="orange"
    data-testid="reward r5c1"
    draggable={true}
    onDragStart={[Function]}
  >
    r5
    <div
      className="sc-AxheI gEUzsA"
      onClick={[Function]}
    >
      X
    </div>
  </div>
</div>
`;

exports[`Stored Rewards Render Correctly should render with given state 1`] = `
<div
  className="sc-AxjAm bdeCLP"
>
  <div
    className="sc-Axmtr zEjJq"
  />
  <h2
    className="sc-AxiKw kmnWDn"
  >
    Rewards
  </h2>
  <div
    className="sc-AxirZ ilolUk"
    color="green"
    data-testid="rewardsr1"
    draggable={true}
    onDragStart={[Function]}
  >
    r1
  </div>
  <div
    className="sc-AxirZ dvzChc"
    color="yellow"
    data-testid="rewardsr2"
    draggable={true}
    onDragStart={[Function]}
  >
    r2
  </div>
  <div
    className="sc-AxirZ ftBftl"
    color="pink"
    data-testid="rewardsr3"
    draggable={true}
    onDragStart={[Function]}
  >
    r3
  </div>
  <div
    className="sc-AxirZ gbobWJ"
    color="skyblue"
    data-testid="rewardsr4"
    draggable={true}
    onDragStart={[Function]}
  >
    r4
  </div>
  <div
    className="sc-AxirZ kdqvAf"
    color="orange"
    data-testid="rewardsr5"
    draggable={true}
    onDragStart={[Function]}
  >
    r5
  </div>
  <div
    className="sc-AxhCb jdFgLp"
  >
    <h2
      className="sc-AxiKw bAZauj"
    >
      Categories
    </h2>
  </div>
  <div
    className="sc-AxhUy gvbPeP rewards1"
    data-testid="c1Dropzone"
    onDragOver={[Function]}
    onDrop={[Function]}
  >
    <span
      className="category"
    >
      C1
    </span>
  </div>
  <div
    className="sc-AxhUy gJdJUc rewards1"
    onDragOver={[Function]}
    onDrop={[Function]}
  >
    <span
      className="category"
    >
      C2
    </span>
  </div>
  <div
    className="sc-AxhUy bNsNvx rewards1"
    onDragOver={[Function]}
    onDrop={[Function]}
  >
    <span
      className="category"
    >
      C3
    </span>
  </div>
  <div
    className="sc-AxhUy bsoZXO rewards1"
    onDragOver={[Function]}
    onDrop={[Function]}
  >
    <span
      className="category"
    >
      C4
    </span>
  </div>
  <div
    className="sc-AxhUy jvVJML rewards1"
    onDragOver={[Function]}
    onDrop={[Function]}
  >
    <span
      className="category"
    >
      C5
    </span>
  </div>
  <div
    className="sc-AxgMl dzbfqP"
    color="orange"
    data-testid="reward r5c1"
    draggable={true}
    onDragStart={[Function]}
  >
    r5
    <div
      className="sc-AxheI gEUzsA"
      onClick={[Function]}
    >
      X
    </div>
  </div>
</div>
`;
