// Jest Snapshot v1, https://goo.gl/fbAQLP

exports[`Stored Rewards Render Correctly should render with given state 1`] = `
<div
  className="sc-AxjAm bhEZON"
>
  <div
    className="sc-Axmtr zEjJq"
  />
  <h2
    className="sc-AxiKw dMAqCs"
  >
    Rewards
  </h2>
  <div
    className="sc-AxirZ kLgyuO"
    color="#f5e6e8"
    data-testid="rewardsr1"
    draggable={true}
    onDragStart={[Function]}
  >
    r1
  </div>
  <div
    className="sc-AxirZ fUVzAA"
    color="#a3f7b5"
    data-testid="rewardsr2"
    draggable={true}
    onDragStart={[Function]}
  >
    r2
  </div>
  <div
    className="sc-AxirZ bOZNwc"
    color="#40c9a2"
    data-testid="rewardsr3"
    draggable={true}
    onDragStart={[Function]}
  >
    r3
  </div>
  <div
    className="sc-AxirZ dlAjTo"
    color="#2f9c95"
    data-testid="rewardsr4"
    draggable={true}
    onDragStart={[Function]}
  >
    r4
  </div>
  <div
    className="sc-AxirZ libgMC"
    color="#bee3ea"
    data-testid="rewardsr5"
    draggable={true}
    onDragStart={[Function]}
  >
    r5
  </div>
  <div
    className="sc-AxhCb jFVYKg"
  >
    <h2
      className="sc-AxiKw jaxNuQ"
    >
      Categories
    </h2>
  </div>
  <div
    className="sc-AxhUy cvQYZU rewards1"
    data-testid="c1Dropzone"
    onDragOver={[Function]}
    onDrop={[Function]}
  >
    <span
      className="category"
    >
      c1
    </span>
  </div>
  <div
    className="sc-AxhUy hxGMLf rewards1"
    data-testid="c2Dropzone"
    onDragOver={[Function]}
    onDrop={[Function]}
  >
    <span
      className="category"
    >
      c2
    </span>
  </div>
  <div
    className="sc-AxhUy iNmKoq rewards1"
    data-testid="c3Dropzone"
    onDragOver={[Function]}
    onDrop={[Function]}
  >
    <span
      className="category"
    >
      c3
    </span>
  </div>
  <div
    className="sc-AxhUy dqnlUN rewards1"
    data-testid="c4Dropzone"
    onDragOver={[Function]}
    onDrop={[Function]}
  >
    <span
      className="category"
    >
      c4
    </span>
  </div>
  <div
    className="sc-AxhUy dpMtoM rewards1"
    data-testid="c5Dropzone"
    onDragOver={[Function]}
    onDrop={[Function]}
  >
    <span
      className="category"
    >
      c5
    </span>
  </div>
  <div
    className="sc-AxgMl iTkSug"
    color="orange"
    data-testid="reward r5c1"
    draggable={true}
    onDragStart={[Function]}
  >
    r5
    <div
      className="sc-AxheI gEUzsA"
      onClick={[Function]}
    >
      X
    </div>
  </div>
  <div
    className="sc-AxmLO eyIhGq"
  />
</div>
`;
